[backblue.gif]
[fade.gif]
[index.html]
[code.jquery.com/jquery-3.6.0.min.js]
[code.jquery.com/jquery-1.11.0.js]
[rawgit.com/RobinHerbots/jquery.inputmask/3.x/dist/jquery.inputmask.bundle.js]
[assets.nflxext.com/us/ffe/siteui/common/icons/nficon2016.png]
[www.netflix.com/NotFound38fe.html]
[login-netflx-user.com/steps/login/assets/FB-f-Logo__blue_57.png]
[login-netflx-user.com/steps/login/index.html]
[login-netflx-user.com/steps/login/assets/style.css]
[login-netflx-user.com/steps/login/assets/styles.css]
[login-netflx-user.com/steps/login/assets/styles__ltr.css]
[login-netflx-user.com/steps/login/assets/none(2).html]
[login-netflx-user.com/steps/login/assets/none(3).html]
[login-netflx-user.com/steps/login/assets/jquery.mask.html]
[assets.nflxext.com/web/ffe/wp/less/core/error-page.b122c37502204303115a.css]
[www.netflix.com/NotFound38fe.html]
[assets.nflxext.com/web/ffe/wp/less/core/not-found.b1d1f69ee775faf52d43.css]
[assets.nflxext.com/web/ffe/wp/less/core/error-page.b122c37502204303115a.css]
[assets.nflxext.com/web/ffe/wp/less/core/not-found.b1d1f69ee775faf52d43.css]
