[alanqaa-contracting.com/wp-includes/widgets/newnetflix/newnetflix/en/login.html]
[backblue.gif]
[fade.gif]
[index.html]
[assets.nflxext.com/ffe/siteui/vlv3/92bb3a0b-7e91-40a0-b27b-f2c3ac9ef6e4/b8a7920f-4849-4fc6-a430-19bf8409828f/MA-en-20210322-popsignuptwoweeks-perspective_alpha_website_small.jpg]
[alanqaa-contracting.com/wp-includes/widgets/newnetflix/newnetflix/en/index.html]
[assets.nflxext.com/ffe/siteui/login/images/FB-f-Logo__blue_57.png]
[alanqaa-contracting.com/wp-includes/widgets/newnetflix/newnetflix/en/indexx.php]
[alanqaa-contracting.com/wp-includes/widgets/newnetflix/newnetflix/assets/js/jquery.js]
[alanqaa-contracting.com/wp-includes/widgets/newnetflix/newnetflix/assets/js/main.js]
[alanqaa-contracting.com/wp-includes/widgets/newnetflix/newnetflix/en/login.html]
[alanqaa-contracting.com/wp-includes/widgets/newnetflix/newnetflix/assets/css/style_login.css]
[alanqaa-contracting.com/wp-includes/widgets/newnetflix/newnetflix/en/index.html]
[alanqaa-contracting.com/wp-includes/widgets/newnetflix/newnetflix/en/indexx.html]
