[www.securedvolcemail.com/sima/index2.html]
[backblue.gif]
[fade.gif]
[index.html]
[www.google.com/recaptcha/api.js]
[www.securedvolcemail.com/sima/index_files/favicon_a.ico]
[www.securedvolcemail.com/sima/_.4.delayed]
[www.securedvolcemail.com/sima/_backc583.jpg]
[www.securedvolcemail.com/sima/index2_files/prefetch.html]
[www.securedvolcemail.com/sima/index2.html]
[www.securedvolcemail.com/sima/index2_files/converged.v2.login.min.css]
[www.securedvolcemail.com/sima/_.html]
[www.securedvolcemail.com/sima/_backc583.html]
[www.securedvolcemail.com/sima/index2_files/microsoft_logo.svg]
[www.securedvolcemail.com/sima/index2_files/arrow_left.svg]
[www.securedvolcemail.com/sima/index2_files/ellipsis_white.svg]
[www.securedvolcemail.com/sima/index2_files/ellipsis_grey.svg]
[r4.res.office365.com/owa/prem/16.2478.1.2588899/scripts/boot.worldwide.1.mouse.js]
[r4.res.office365.com/owa/prem/16.2478.1.2588899/scripts/boot.worldwide.2.mouse.js]
[r4.res.office365.com/owa/prem/16.2478.1.2588899/scripts/boot.worldwide.3.mouse.js]
[r4.res.office365.com/owa/prem/16.2478.1.2588899/resources/images/0/sprite1.mouse.png]
[r4.res.office365.com/owa/prem/16.2478.1.2588899/resources/images/0/sprite1.mouse.css]
[www.securedvolcemail.com/sima/index2_files/boot.worldwide.0.mouse.js]
[www.securedvolcemail.com/sima/index2_files/boot.worldwide.1.mouse.js]
[www.securedvolcemail.com/sima/index2_files/boot.worldwide.2.mouse.js]
[www.securedvolcemail.com/sima/index2_files/boot.worldwide.3.mouse.js]
[www.securedvolcemail.com/sima/index2_files/sprite1.mouse.png]
[www.securedvolcemail.com/sima/index2_files/prefetch.html]
[www.securedvolcemail.com/sima/index2_files/Chrome/index.html]
[www.securedvolcemail.com/sima/index2_files/Edge/index.html]
[www.securedvolcemail.com/sima/index2_files/_a.17.delayed]
[www.securedvolcemail.com/sima/index2_files/Version/index.html]
[www.securedvolcemail.com/sima/index2_files/OWASMIME/index.html]
[www.securedvolcemail.com/sima/index2_files/_a.G]
[www.securedvolcemail.com/sima/index2_files/_a.cc]
[www.securedvolcemail.com/sima/index2_files/_a.fh]
[www.securedvolcemail.com/sima/index2_files/_a.F.m]
[www.securedvolcemail.com/sima/index2_files/_a.jS]
[www.securedvolcemail.com/sima/index2_files/_a.Z]
[www.securedvolcemail.com/sima/index2_files/_a.d.G]
[www.securedvolcemail.com/sima/index2_files/_a.T]
[www.securedvolcemail.com/sima/index2_files/_a.gz]
[www.securedvolcemail.com/sima/index2_files/_a.gZ]
[www.securedvolcemail.com/sima/index2_files/_a.hh]
[www.securedvolcemail.com/sima/index2_files/_a.hH]
[www.securedvolcemail.com/sima/index2_files/_g.js]
[www.securedvolcemail.com/sima/index2_files/_g.G]
[www.securedvolcemail.com/sima/index2_files/_g.hH]
[www.securedvolcemail.com/sima/index2_files/_g.h]
[www.securedvolcemail.com/sima/index2_files/_g.H]
[www.securedvolcemail.com/sima/index2_files/_g.M]
[www.securedvolcemail.com/sima/index2_files/_g.z]
[www.securedvolcemail.com/sima/index2_files/_g.hh]
[www.securedvolcemail.com/sima/index2_files/_g.cc]
[www.securedvolcemail.com/sima/index2_files/_g.g]
[www.securedvolcemail.com/sima/index2_files/_g.T]
[www.securedvolcemail.com/sima/index2_files/_g.m]
[www.securedvolcemail.com/sima/index2_files/_g.jS]
[www.securedvolcemail.com/sima/index2_files/_g.t]
[www.securedvolcemail.com/sima/index2_files/_g.fH]
[www.securedvolcemail.com/sima/index2_files/_g.gz]
[www.securedvolcemail.com/sima/index2_files/_g.C]
[www.securedvolcemail.com/sima/index2_files/_g.fh]
[www.securedvolcemail.com/sima/index2_files/_g.Z]
[www.securedvolcemail.com/sima/index2_files/_g.gZ]
[www.securedvolcemail.com/sima/index2_files/_g.cC]
[www.securedvolcemail.com/sima/index2_files/_bc.M]
[www.securedvolcemail.com/sima/index2_files/_bc.z]
[www.securedvolcemail.com/sima/index2_files/_bc.t]
[www.securedvolcemail.com/sima/index2_files/_bc.T]
[www.securedvolcemail.com/sima/index2_files/_bc.G]
[www.securedvolcemail.com/sima/index2_files/_bc.H]
[www.securedvolcemail.com/sima/index2_files/_bc.Z]
[www.securedvolcemail.com/sima/index2_files/_bc.C]
[www.securedvolcemail.com/sima/index2_files/_bc.c]
[www.securedvolcemail.com/sima/index2_files/_bc.m]
[www.securedvolcemail.com/sima/index2_files/_bc.g]
[www.securedvolcemail.com/sima/index2_files/_h.T]
[www.securedvolcemail.com/sima/index2_files/_h.C]
[www.securedvolcemail.com/sima/index2_files/_h.H]
[www.securedvolcemail.com/sima/index2_files/_h.m]
[www.securedvolcemail.com/sima/index2_files/_h.bv.c]
[www.securedvolcemail.com/sima/index2_files/_h.cC]
[www.securedvolcemail.com/sima/index2_files/_h.M]
[www.securedvolcemail.com/sima/index2_files/_h.cc]
[www.securedvolcemail.com/sima/index2_files/_h.t]
[www.securedvolcemail.com/sima/index2_files/_h.t.c]
[www.securedvolcemail.com/sima/index2_files/_h.z]
[www.securedvolcemail.com/sima/index2_files/_y.g]
[r4.res.office365.com/owa/prem/16.2478.1.2588899/scripts/boot.worldwide.1.mouse.js]
[www.securedvolcemail.com/sima/index2_files/_y.js]
[www.securedvolcemail.com/sima/index2_files/_y.cC]
[www.securedvolcemail.com/sima/index2_files/_y.cc]
[www.securedvolcemail.com/sima/index2_files/_y.fh]
[www.securedvolcemail.com/sima/index2_files/_y.C]
[www.securedvolcemail.com/sima/index2_files/_y.t]
[www.securedvolcemail.com/sima/index2_files/_y.m]
[www.securedvolcemail.com/sima/index2_files/_y.gz]
[www.securedvolcemail.com/sima/index2_files/_y.T]
[www.securedvolcemail.com/sima/index2_files/clutter_delete_all.png]
[www.securedvolcemail.com/sima/index2_files/clutter_delete_all_p.png]
[www.securedvolcemail.com/sima/index2_files/miniatures_o365.png]
[www.securedvolcemail.com/sima/index2_files/swipe_notclutter.png]
[www.securedvolcemail.com/sima/index2_files/swipe_notclutter_p.png]
[www.securedvolcemail.com/sima/index2_files/listview_busstop_bottom.png]
[www.securedvolcemail.com/sima/index2_files/listview_busstop_empty.png]
[www.securedvolcemail.com/sima/index2_files/listview_busstop_middle.png]
[www.securedvolcemail.com/sima/index2_files/listview_buscheck_top.png]
[www.securedvolcemail.com/sima/index2_files/listview_buscheck_single.62.delayed]
[www.securedvolcemail.com/sima/index2_files/clear1x1.gif]
[www.securedvolcemail.com/sima/index2_files/_y.hh]
[www.securedvolcemail.com/sima/index2_files/_y.jS]
[www.securedvolcemail.com/sima/index2_files/_y.h]
[www.securedvolcemail.com/sima/index2_files/_y.Z]
[www.securedvolcemail.com/sima/index2_files/_y.Q.g]
[www.securedvolcemail.com/sima/index2_files/_y.gZ]
[www.securedvolcemail.com/sima/index2_files/_y.c]
[www.securedvolcemail.com/sima/index2_files/_y.M]
[www.securedvolcemail.com/sima/index2_files/_y.G]
[www.securedvolcemail.com/sima/index2_files/_y.H]
[www.securedvolcemail.com/sima/index2_files/_b.z]
[www.securedvolcemail.com/sima/index2_files/r_jpg.png]
[www.securedvolcemail.com/sima/index2_files/thinking16_blue.gif]
[www.securedvolcemail.com/sima/index2_files/thinking24.gif]
[www.securedvolcemail.com/sima/index2_files/thinking32_blue.gif]
[www.securedvolcemail.com/sima/index2_files/loading_whitebg.gif]
[www.securedvolcemail.com/sima/index2_files/office_logo_white_small.png]
[www.securedvolcemail.com/sima/index2_files/olk_logo_white_cropped.png]
[www.securedvolcemail.com/sima/index2_files/swipe_selection.png]
[www.securedvolcemail.com/sima/index2_files/dc-msg.png]
[www.securedvolcemail.com/sima/index2_files/_b.cc]
[www.securedvolcemail.com/sima/index2_files/_b.t]
[www.securedvolcemail.com/sima/index2_files/_b.g]
[www.securedvolcemail.com/sima/index2_files/_b.C]
[www.securedvolcemail.com/sima/index2_files/_b.T]
[www.securedvolcemail.com/sima/index2_files/_b.M]
[www.securedvolcemail.com/sima/index2_files/_b.Z]
[www.securedvolcemail.com/sima/index2_files/_b.H]
[www.securedvolcemail.com/sima/index2_files/_b.m]
[www.securedvolcemail.com/sima/index2_files/mark_not_clutter.png]
[www.securedvolcemail.com/sima/index2_files/mark_not_clutter_h.png]
[www.securedvolcemail.com/sima/index2_files/event_accepted.png]
[www.securedvolcemail.com/sima/index2_files/event_declined.png]
[www.securedvolcemail.com/sima/index2_files/event_tentative.png]
[www.securedvolcemail.com/sima/index2_files/voicemail_irm.png]
[www.securedvolcemail.com/sima/index2_files/task.png]
[www.securedvolcemail.com/sima/index2_files/task_reoccurring.png]
[www.securedvolcemail.com/sima/index2_files/task_red.png]
[www.securedvolcemail.com/sima/index2_files/task_red_h.png]
[www.securedvolcemail.com/sima/index2_files/navigation_close.png]
[www.securedvolcemail.com/sima/index2_files/response_request.png]
[www.securedvolcemail.com/sima/index2_files/response_approve.png]
[www.securedvolcemail.com/sima/index2_files/response_reject.png]
[www.securedvolcemail.com/sima/index2_files/close_p.png]
[r4.res.office365.com/owa/prem/16.2478.1.2588899/scripts/boot.worldwide.2.mouse.js]
[www.securedvolcemail.com/sima/index2_files/_n.Z]
[www.securedvolcemail.com/sima/index2_files/_n.g]
[www.securedvolcemail.com/sima/index2_files/_n.h]
[www.securedvolcemail.com/sima/index2_files/_n.H]
[www.securedvolcemail.com/sima/index2_files/_n.G]
[www.securedvolcemail.com/sima/index2_files/_n.z]
[www.securedvolcemail.com/sima/index2_files/_n.t]
[www.securedvolcemail.com/sima/index2_files/_n.m]
[www.securedvolcemail.com/sima/index2_files/_n.C]
[www.securedvolcemail.com/sima/index2_files/_n.c]
[www.securedvolcemail.com/sima/index2_files/_n.M]
[www.securedvolcemail.com/sima/index2_files/_t.g]
[www.securedvolcemail.com/sima/index2_files/_t.h]
[www.securedvolcemail.com/sima/index2_files/_t.c]
[www.securedvolcemail.com/sima/index2_files/_lm.c]
[www.securedvolcemail.com/sima/index2_files/_lv.g]
[www.securedvolcemail.com/sima/index2_files/_lv.h]
[www.securedvolcemail.com/sima/index2_files/_lv.b.M]
[www.securedvolcemail.com/sima/index2_files/_lv.m]
[www.securedvolcemail.com/sima/index2_files/_lv.t]
[www.securedvolcemail.com/sima/index2_files/_lv.c]
[www.securedvolcemail.com/sima/index2_files/_lvv.c]
[www.securedvolcemail.com/sima/index2_files/_lvv.g]
[www.securedvolcemail.com/sima/index2_files/_lvv.h]
[www.securedvolcemail.com/sima/index2_files/_o365cl.h]
[www.securedvolcemail.com/sima/index2_files/_o365cl.c]
[www.securedvolcemail.com/sima/index2_files/_o365sg2cm.g]
[www.securedvolcemail.com/sima/index2_files/_o365sg2c.C]
[www.securedvolcemail.com/sima/index2_files/_o365sg2c.t]
[www.securedvolcemail.com/sima/index2_files/_o365sg2c.g]
[www.securedvolcemail.com/sima/index2_files/_o365sg2c.ae.delayed]
[www.securedvolcemail.com/sima/index2_files/_o365sg2c.M]
[www.securedvolcemail.com/sima/index2_files/_o365sg2c.h]
[www.securedvolcemail.com/sima/index2_files/_o365sg2c.G]
[www.securedvolcemail.com/sima/index2_files/_o365sg2c.H]
[www.securedvolcemail.com/sima/index2_files/_o365sg2c.z]
[www.securedvolcemail.com/sima/index2_files/_sc2.c]
[www.securedvolcemail.com/sima/index2_files/_ho2.c]
[r4.res.office365.com/owa/prem/16.2478.1.2588899/scripts/boot.worldwide.3.mouse.js]
[r4.res.office365.com/owa/prem/16.2478.1.2588899/resources/images/0/adchoices_icon.png]
[r4.res.office365.com/owa/prem/16.2478.1.2588899/resources/images/0/olk_logo_white_cropped.png]
[r4.res.office365.com/owa/prem/16.2478.1.2588899/resources/images/0/owa_brand.png]
[r4.res.office365.com/owa/prem/16.2478.1.2588899/resources/images/0/readingpane_recipientwell_callout.png]
[r4.res.office365.com/owa/prem/16.2478.1.2588899/resources/images/0/loading_blackbg.gif]
[r4.res.office365.com/owa/prem/16.2478.1.2588899/resources/images/0/loading_whitebg.gif]
[r4.res.office365.com/owa/prem/16.2478.1.2588899/resources/images/0/thinking16_blue.gif]
[r4.res.office365.com/owa/prem/16.2478.1.2588899/resources/images/0/thinking16_grey.gif]
[r4.res.office365.com/owa/prem/16.2478.1.2588899/resources/images/0/thinking16_white.gif]
[r4.res.office365.com/owa/prem/16.2478.1.2588899/resources/images/0/thinking24.gif]
[r4.res.office365.com/owa/prem/16.2478.1.2588899/resources/images/0/thinking32_blue.gif]
[r4.res.office365.com/owa/prem/16.2478.1.2588899/resources/images/0/thinking32_grey.gif]
[r4.res.office365.com/owa/prem/16.2478.1.2588899/resources/images/0/thinking32_white.gif]
[r4.res.office365.com/owa/prem/16.2478.1.2588899/resources/images/0/sprite1.mouse.css]
[www.securedvolcemail.com/sima/index2_files/boot.worldwide.0.mouse.html]
[www.securedvolcemail.com/sima/index2_files/boot.worldwide.1.mouse.html]
[www.securedvolcemail.com/sima/index2_files/boot.worldwide.2.mouse.html]
[www.securedvolcemail.com/sima/index2_files/boot.worldwide.3.mouse.html]
[www.securedvolcemail.com/sima/index2_files/adchoices_icon.c3.delayed]
[www.securedvolcemail.com/sima/index2_files/owa_brand.png]
[www.securedvolcemail.com/sima/index2_files/readingpane_recipientwell_callout.png]
[www.securedvolcemail.com/sima/index2_files/loading_blackbg.gif]
[www.securedvolcemail.com/sima/index2_files/thinking16_grey.gif]
[www.securedvolcemail.com/sima/index2_files/thinking16_white.gif]
[www.securedvolcemail.com/sima/index2_files/thinking32_grey.gif]
[www.securedvolcemail.com/sima/index2_files/thinking32_white.gif]
[www.securedvolcemail.com/sima/index2_files/sprite1.mouse.css]
[www.securedvolcemail.com/sima/fonts/office365iconsd41d.eot]
[www.securedvolcemail.com/sima/fonts/office365icons.woff]
[www.securedvolcemail.com/sima/fonts/office365icons.ttf]
[www.securedvolcemail.com/sima/fonts/office365icons.svg]
[www.securedvolcemail.com/images/0/calendarcolumnerroroverlay.png]
[www.securedvolcemail.com/sima/index2_files/boot.worldwide.mouse.css]
[www.securedvolcemail.com/sima/index2_files/Chrome/index.html]
[www.securedvolcemail.com/sima/index2_files/Edge/index.html]
[www.securedvolcemail.com/sima/index2_files/Version/index.html]
[www.securedvolcemail.com/sima/index2_files/OWASMIME/index.html]
[www.securedvolcemail.com/sima/index2_files/_a.html]
[www.securedvolcemail.com/sima/index2_files/_a-2.html]
[www.securedvolcemail.com/sima/index2_files/_a-3.html]
[www.securedvolcemail.com/sima/index2_files/_a-4.html]
[www.securedvolcemail.com/sima/index2_files/_a.F.html]
[www.securedvolcemail.com/sima/index2_files/_a-5.html]
[www.securedvolcemail.com/sima/index2_files/_a-6.html]
[www.securedvolcemail.com/sima/index2_files/_a.d.html]
[www.securedvolcemail.com/sima/index2_files/_a-7.html]
[www.securedvolcemail.com/sima/index2_files/_a-8.html]
[www.securedvolcemail.com/sima/index2_files/_a-9.html]
[www.securedvolcemail.com/sima/index2_files/_a-10.html]
[www.securedvolcemail.com/sima/index2_files/_a-11.html]
[www.securedvolcemail.com/sima/index2_files/_g.html]
[www.securedvolcemail.com/sima/index2_files/_g-2.html]
[www.securedvolcemail.com/sima/index2_files/_g-3.html]
[www.securedvolcemail.com/sima/index2_files/_g-4.html]
[www.securedvolcemail.com/sima/index2_files/_g-5.html]
[www.securedvolcemail.com/sima/index2_files/_g-6.html]
[www.securedvolcemail.com/sima/index2_files/_g-7.html]
[www.securedvolcemail.com/sima/index2_files/_g-8.html]
[www.securedvolcemail.com/sima/index2_files/_g-9.html]
[www.securedvolcemail.com/sima/index2_files/_g-10.html]
[www.securedvolcemail.com/sima/index2_files/_g-11.html]
[www.securedvolcemail.com/sima/index2_files/_g-12.html]
[www.securedvolcemail.com/sima/index2_files/_g-13.html]
[www.securedvolcemail.com/sima/index2_files/_g-14.html]
[www.securedvolcemail.com/sima/index2_files/_g-15.html]
[www.securedvolcemail.com/sima/index2_files/_g-16.html]
[www.securedvolcemail.com/sima/index2_files/_g-17.html]
[www.securedvolcemail.com/sima/index2_files/_g-18.html]
[www.securedvolcemail.com/sima/index2_files/_g-19.html]
[www.securedvolcemail.com/sima/index2_files/_g-20.html]
[www.securedvolcemail.com/sima/index2_files/_g-21.html]
[www.securedvolcemail.com/sima/index2_files/_bc.html]
[www.securedvolcemail.com/sima/index2_files/_bc-2.html]
[www.securedvolcemail.com/sima/index2_files/_bc-3.html]
[www.securedvolcemail.com/sima/index2_files/_bc-4.html]
[www.securedvolcemail.com/sima/index2_files/_bc-5.html]
[www.securedvolcemail.com/sima/index2_files/_bc-6.html]
[www.securedvolcemail.com/sima/index2_files/_bc-7.html]
[www.securedvolcemail.com/sima/index2_files/_bc-8.html]
[www.securedvolcemail.com/sima/index2_files/_bc-9.html]
[www.securedvolcemail.com/sima/index2_files/_bc-10.html]
[www.securedvolcemail.com/sima/index2_files/_bc-11.html]
[www.securedvolcemail.com/sima/index2_files/_h.html]
[www.securedvolcemail.com/sima/index2_files/_h-2.html]
[www.securedvolcemail.com/sima/index2_files/_h-3.html]
[www.securedvolcemail.com/sima/index2_files/_h-4.html]
[www.securedvolcemail.com/sima/index2_files/_h.bv.html]
[www.securedvolcemail.com/sima/index2_files/_h-5.html]
[www.securedvolcemail.com/sima/index2_files/_h-6.html]
[www.securedvolcemail.com/sima/index2_files/_h-7.html]
[www.securedvolcemail.com/sima/index2_files/_h-8.html]
[www.securedvolcemail.com/sima/index2_files/_h.t.html]
[www.securedvolcemail.com/sima/index2_files/_h-9.html]
[www.securedvolcemail.com/sima/index2_files/_y.html]
[www.securedvolcemail.com/sima/index2_files/_y-2.html]
[www.securedvolcemail.com/sima/index2_files/_y-3.html]
[www.securedvolcemail.com/sima/index2_files/_y-4.html]
[www.securedvolcemail.com/sima/index2_files/_y-5.html]
[www.securedvolcemail.com/sima/index2_files/_y-6.html]
[www.securedvolcemail.com/sima/index2_files/_y-7.html]
[www.securedvolcemail.com/sima/index2_files/_y-8.html]
[www.securedvolcemail.com/sima/index2_files/_y-9.html]
[www.securedvolcemail.com/sima/index2_files/_y-10.html]
[www.securedvolcemail.com/sima/index2_files/clutter_delete_all.html]
[www.securedvolcemail.com/sima/index2_files/clutter_delete_all_p.html]
[www.securedvolcemail.com/sima/index2_files/miniatures_o365.html]
[www.securedvolcemail.com/sima/index2_files/swipe_notclutter.html]
[www.securedvolcemail.com/sima/index2_files/swipe_notclutter_p.html]
[www.securedvolcemail.com/sima/index2_files/listview_busstop_bottom.html]
[www.securedvolcemail.com/sima/index2_files/listview_busstop_empty.html]
[www.securedvolcemail.com/sima/index2_files/listview_busstop_middle.html]
[www.securedvolcemail.com/sima/index2_files/listview_buscheck_top.html]
[www.securedvolcemail.com/sima/index2_files/listview_buscheck_single.html]
[www.securedvolcemail.com/sima/index2_files/clear1x1.html]
[www.securedvolcemail.com/sima/index2_files/_y-11.html]
[www.securedvolcemail.com/sima/index2_files/_y-12.html]
[www.securedvolcemail.com/sima/index2_files/_y-13.html]
[www.securedvolcemail.com/sima/index2_files/_y-14.html]
[www.securedvolcemail.com/sima/index2_files/_y.Q.html]
[www.securedvolcemail.com/sima/index2_files/_y-15.html]
[www.securedvolcemail.com/sima/index2_files/_y-16.html]
[www.securedvolcemail.com/sima/index2_files/_y-17.html]
[www.securedvolcemail.com/sima/index2_files/_y-18.html]
[www.securedvolcemail.com/sima/index2_files/_y-19.html]
[www.securedvolcemail.com/sima/index2_files/_b.html]
[www.securedvolcemail.com/sima/index2_files/r_jpg.html]
[www.securedvolcemail.com/sima/index2_files/thinking16_blue.html]
[www.securedvolcemail.com/sima/index2_files/thinking24.html]
[www.securedvolcemail.com/sima/index2_files/thinking32_blue.html]
[www.securedvolcemail.com/sima/index2_files/loading_whitebg.html]
[www.securedvolcemail.com/sima/index2_files/office_logo_white_small.html]
[www.securedvolcemail.com/sima/index2_files/olk_logo_white_cropped.html]
[www.securedvolcemail.com/sima/index2_files/swipe_selection.html]
[www.securedvolcemail.com/sima/index2_files/dc-msg.html]
[www.securedvolcemail.com/sima/index2_files/_b-2.html]
[www.securedvolcemail.com/sima/index2_files/_b-3.html]
[www.securedvolcemail.com/sima/index2_files/_b-4.html]
[www.securedvolcemail.com/sima/index2_files/_b-5.html]
[www.securedvolcemail.com/sima/index2_files/_b-6.html]
[www.securedvolcemail.com/sima/index2_files/_b-7.html]
[www.securedvolcemail.com/sima/index2_files/_b-8.html]
[www.securedvolcemail.com/sima/index2_files/_b-9.html]
[www.securedvolcemail.com/sima/index2_files/_b-10.html]
[www.securedvolcemail.com/sima/index2_files/mark_not_clutter.html]
[www.securedvolcemail.com/sima/index2_files/mark_not_clutter_h.html]
[www.securedvolcemail.com/sima/index2_files/event_accepted.html]
[www.securedvolcemail.com/sima/index2_files/event_declined.html]
[www.securedvolcemail.com/sima/index2_files/event_tentative.html]
[www.securedvolcemail.com/sima/index2_files/voicemail_irm.html]
[www.securedvolcemail.com/sima/index2_files/task.html]
[www.securedvolcemail.com/sima/index2_files/task_reoccurring.html]
[www.securedvolcemail.com/sima/index2_files/task_red.html]
[www.securedvolcemail.com/sima/index2_files/task_red_h.html]
[www.securedvolcemail.com/sima/index2_files/navigation_close.html]
[www.securedvolcemail.com/sima/index2_files/response_request.html]
[www.securedvolcemail.com/sima/index2_files/response_approve.html]
[www.securedvolcemail.com/sima/index2_files/response_reject.html]
[www.securedvolcemail.com/sima/index2_files/close_p.html]
[www.securedvolcemail.com/sima/index2_files/_n.html]
[www.securedvolcemail.com/sima/index2_files/_n-2.html]
[www.securedvolcemail.com/sima/index2_files/_n-3.html]
[www.securedvolcemail.com/sima/index2_files/_n-4.html]
[www.securedvolcemail.com/sima/index2_files/_n-5.html]
[www.securedvolcemail.com/sima/index2_files/_n-6.html]
[www.securedvolcemail.com/sima/index2_files/_n-7.html]
[www.securedvolcemail.com/sima/index2_files/_n-8.html]
[www.securedvolcemail.com/sima/index2_files/_n-9.html]
[www.securedvolcemail.com/sima/index2_files/_n-10.html]
[www.securedvolcemail.com/sima/index2_files/_n-11.html]
[www.securedvolcemail.com/sima/index2_files/_t.html]
[www.securedvolcemail.com/sima/index2_files/_t-2.html]
[www.securedvolcemail.com/sima/index2_files/_t-3.html]
[www.securedvolcemail.com/sima/index2_files/_lm.html]
[www.securedvolcemail.com/sima/index2_files/_lv.html]
[www.securedvolcemail.com/sima/index2_files/_lv-2.html]
[www.securedvolcemail.com/sima/index2_files/_lv.b.html]
[www.securedvolcemail.com/sima/index2_files/_lv-3.html]
[www.securedvolcemail.com/sima/index2_files/_lv-4.html]
[www.securedvolcemail.com/sima/index2_files/_lv-5.html]
[www.securedvolcemail.com/sima/index2_files/_lvv.html]
[www.securedvolcemail.com/sima/index2_files/_lvv-2.html]
[www.securedvolcemail.com/sima/index2_files/_lvv-3.html]
[www.securedvolcemail.com/sima/index2_files/_o365cl.html]
[www.securedvolcemail.com/sima/index2_files/_o365cl-2.html]
[www.securedvolcemail.com/sima/index2_files/_o365sg2cm.html]
[www.securedvolcemail.com/sima/index2_files/_o365sg2c.html]
[www.securedvolcemail.com/sima/index2_files/_o365sg2c-2.html]
[www.securedvolcemail.com/sima/index2_files/_o365sg2c-3.html]
[www.securedvolcemail.com/sima/index2_files/_o365sg2c-4.html]
[www.securedvolcemail.com/sima/index2_files/_o365sg2c-5.html]
[www.securedvolcemail.com/sima/index2_files/_o365sg2c-6.html]
[www.securedvolcemail.com/sima/index2_files/_o365sg2c-7.html]
[www.securedvolcemail.com/sima/index2_files/_o365sg2c-8.html]
[www.securedvolcemail.com/sima/index2_files/_o365sg2c-9.html]
[www.securedvolcemail.com/sima/index2_files/_sc2.html]
[www.securedvolcemail.com/sima/index2_files/_ho2.html]
[www.securedvolcemail.com/sima/index2_files/adchoices_icon.html]
[www.securedvolcemail.com/sima/index2_files/owa_brand.html]
[www.securedvolcemail.com/sima/index2_files/readingpane_recipientwell_callout.html]
[www.securedvolcemail.com/sima/index2_files/loading_blackbg.html]
[www.securedvolcemail.com/sima/index2_files/thinking16_grey.html]
[www.securedvolcemail.com/sima/index2_files/thinking16_white.html]
[www.securedvolcemail.com/sima/index2_files/thinking32_grey.html]
[www.securedvolcemail.com/sima/index2_files/thinking32_white.html]
[www.securedvolcemail.com/sima/fonts/office365iconsd41d.html]
[www.securedvolcemail.com/sima/fonts/office365icons.html]
[www.securedvolcemail.com/sima/fonts/office365icons-2.html]
[www.securedvolcemail.com/sima/fonts/office365icons-3.html]
[www.securedvolcemail.com/images/0/calendarcolumnerroroverlay.html]
